
################################################################################
# Purpose :
#     This report shows the scan clock tree of all clocks in all the modes. It is generated
#     if rule Info_testclock has been enabled and clock constraints have been
#     defined.
################################################################################


################################################################################
# Format :
#    Scan Clock tree is shown in a tree-like format. The nodes are indented
#    according to their position in hierarchy, `-- is  used to indicate
#    hierarchical cell, |-- is used for rest of the nodes. The level is also 
#    printed in braces before every cell.
#    
#    RX/TX Lists have the clock domains interaction with the current clock along
#    with number of interactions
#    a. RXLIST - list of clock domains driven by this clock
#    b. TXLIST - list of clock domains driving instances of this clock
#    
#    The (+ve)/(-ve) suffix to a leaf-level cell output node name indicates the 
#    clock polarity reaching at that node. (BLKD) suffix is used to indicate clock
#    blocking cells.
#    
#    A leaf on the tree can be one of:
#    a. A register inferred from the RTL - the hierarchical name of the registered
#               instance is shown along with the polarity of the clock at that point.
#    
#    b. A black box - the hierarchical name of the black box instance is annotated
#               with the polarity of the clock. 
#    
#    c. A latch inferred from the RTL - the hierarchical name of the latch instance 
#               is shown along with the polarity of the clock.
#    
#    d. A sequential leaf cell - the hierarchical name of the sequential instance,
#               which is neither known to be a flop nor a latch, is annotated with 
#               the polarity of the clock.
#    
#    e. A clock blocking cell - the hierarchical name of the instance which is blocking
#               this clock from propagating forward with the polarity mentioned as BLKD.
#    
#    The intermediate nodes of a tree can :
#    a. A combinational cell - the hierarchical name of the combinational cell 
#               found while walking along a path from the root of the tree to a 
#               leaf is shown, along with the number of leaf instances driven by
#               this cell and the sum of the number of leaf instances of all it's
#               children intermediate nodes and it's own leaf instances. Also, the
#               list of all the gating signals upto this hierarchy is given in the
#               next column.
#    

################################################################################


Summary: