 sa1   UT   ff_cmd_in_reg_6_/SETB
 sa1   UT   ff_cmd_in_reg_5_/SETB
 sa1   UT   ff_cmd_in_reg_4_/SETB
 sa1   UT   ff_cmd_in_reg_3_/SETB
 sa1   UT   ff_cmd_in_reg_2_/RSTB
 sa1   UT   ff_cmd_in_reg_1_/RSTB
 sa1   UT   ff_cmd_in_reg_0_/RSTB
 sa1   UT   zero_reg/SETB
 sa1   UT   ff_dout_reg_0_/SETB
 sa1   UR   U41/A3
 sa1   UR   U40/A1
 sa1   UR   U40/Y
 sa1   UR   U40/A2
 sa1   UT   ff_dout_reg_1_/SETB
 sa1   UR   U46/A6
 sa1   UT   ff_dout_reg_2_/SETB
 sa1   UR   U47/A6
 sa1   UT   ff_dout_reg_3_/SETB
 sa1   UR   U48/A6
 sa1   UT   ff_dout_reg_4_/SETB
 sa1   UR   U49/A6
 sa1   UT   ff_dout_reg_5_/SETB
 sa1   UR   U50/A6
 sa1   UT   ff_dout_reg_6_/SETB
 sa1   UR   U51/A6
 sa1   UT   ff_dout_reg_7_/SETB
 sa1   UR   U52/A6
 sa1   UT   ff_dout_reg_8_/SETB
 sa1   UR   U53/A6
 sa1   UT   ff_dout_reg_9_/SETB
 sa1   UR   U54/A6
 sa1   UT   ff_dout_reg_10_/SETB
 sa1   UR   U55/A6
 sa1   UT   ff_dout_reg_11_/SETB
 sa1   UR   U56/A6
 sa1   UT   ff_dout_reg_12_/SETB
 sa1   UR   U57/A6
 sa1   UT   ff_dout_reg_13_/SETB
 sa1   UR   U58/A6
 sa1   UT   ff_dout_reg_14_/SETB
 sa1   UR   U59/A6
 sa1   UT   ff_dout_reg_15_/SETB
 sa1   UR   U60/A6
 sa1   UT   error_reg/SETB
 sa1   UR   U61/A1
 sa1   UT   uu_muxA/uu_rb/out_reg_0_/SETB
 sa1   UT   uu_muxA/uu_rb/out_reg_1_/SETB
 sa1   UT   uu_muxA/uu_rb/out_reg_2_/SETB
 sa1   UT   uu_muxA/uu_rb/out_reg_3_/SETB
 sa1   UT   uu_muxA/uu_rb/out_reg_4_/SETB
 sa1   UT   uu_muxA/uu_rb/out_reg_5_/SETB
 sa1   UT   uu_muxA/uu_rb/out_reg_6_/SETB
 sa1   UT   uu_muxA/uu_rb/out_reg_7_/SETB
 sa1   UT   uu_muxB/uu_rb/out_reg_0_/SETB
 sa1   UT   uu_muxB/uu_rb/out_reg_1_/SETB
 sa1   UT   uu_muxB/uu_rb/out_reg_2_/SETB
 sa1   UT   uu_muxB/uu_rb/out_reg_3_/SETB
 sa1   UT   uu_muxB/uu_rb/out_reg_4_/SETB
 sa1   UT   uu_muxB/uu_rb/out_reg_5_/SETB
 sa1   UT   uu_muxB/uu_rb/out_reg_6_/SETB
 sa1   UT   uu_muxB/uu_rb/out_reg_7_/SETB
 sa1   UR   uu_alu/U117/A1
 sa1   UR   uu_alu/U116/Y
 sa0   --   uu_alu/U116/A
 sa1   --   uu_alu/U33/A1
 sa1   UR   uu_alu/U151/A0
 sa1   UR   uu_alu/U150/B0
 sa1   UR   uu_alu/U148/B0
 sa1   UR   uu_alu/U146/B0
 sa1   UR   uu_alu/U144/B0
 sa1   UR   uu_alu/U142/B0
 sa1   UR   uu_alu/U140/B0
 sa0   UR   uu_alu/U100/A1
 sa0   UR   uu_alu/U100/A2
 sa0   UR   uu_alu/U100/A3
 sa0   UR   uu_alu/U107/A1
 sa0   UR   uu_alu/U106/A1
 sa0   UR   uu_alu/U106/A2
 sa0   UR   uu_alu/U106/Y
 sa0   --   uu_alu/U107/A3
 sa0   UR   uu_alu/U114/A1
 sa0   UR   uu_alu/U113/A1
 sa0   UT   uu_mem/mem_reg_0__15_/D
 sa0   UT   uu_mem/mem_reg_0__15_/SETB
 sa1   --   uu_mem/mem_reg_0__15_/D
 sa0   UT   uu_mem/mem_reg_0__14_/D
 sa0   UT   uu_mem/mem_reg_0__14_/SETB
 sa1   --   uu_mem/mem_reg_0__14_/D
 sa0   UT   uu_mem/mem_reg_0__13_/D
 sa0   UT   uu_mem/mem_reg_0__13_/SETB
 sa1   --   uu_mem/mem_reg_0__13_/D
 sa0   UT   uu_mem/mem_reg_0__12_/D
 sa0   UT   uu_mem/mem_reg_0__12_/SETB
 sa1   --   uu_mem/mem_reg_0__12_/D
 sa0   UT   uu_mem/mem_reg_0__11_/D
 sa0   UT   uu_mem/mem_reg_0__11_/SETB
 sa1   --   uu_mem/mem_reg_0__11_/D
 sa0   UT   uu_mem/mem_reg_0__10_/D
 sa0   UT   uu_mem/mem_reg_0__10_/SETB
 sa1   --   uu_mem/mem_reg_0__10_/D
 sa0   UT   uu_mem/mem_reg_0__9_/D
 sa0   UT   uu_mem/mem_reg_0__9_/SETB
 sa1   --   uu_mem/mem_reg_0__9_/D
 sa0   UT   uu_mem/mem_reg_0__8_/D
 sa0   UT   uu_mem/mem_reg_0__8_/SETB
 sa1   --   uu_mem/mem_reg_0__8_/D
 sa0   UT   uu_mem/mem_reg_0__7_/D
 sa0   UT   uu_mem/mem_reg_0__7_/SETB
 sa1   --   uu_mem/mem_reg_0__7_/D
 sa0   UT   uu_mem/mem_reg_0__6_/D
 sa0   UT   uu_mem/mem_reg_0__6_/SETB
 sa1   --   uu_mem/mem_reg_0__6_/D
 sa0   UT   uu_mem/mem_reg_0__5_/D
 sa0   UT   uu_mem/mem_reg_0__5_/SETB
 sa1   --   uu_mem/mem_reg_0__5_/D
 sa0   UT   uu_mem/mem_reg_0__4_/D
 sa0   UT   uu_mem/mem_reg_0__4_/SETB
 sa1   --   uu_mem/mem_reg_0__4_/D
 sa0   UT   uu_mem/mem_reg_0__3_/D
 sa0   UT   uu_mem/mem_reg_0__3_/SETB
 sa1   --   uu_mem/mem_reg_0__3_/D
 sa0   UT   uu_mem/mem_reg_0__2_/D
 sa0   UT   uu_mem/mem_reg_0__2_/SETB
 sa1   --   uu_mem/mem_reg_0__2_/D
 sa0   UT   uu_mem/mem_reg_0__1_/D
 sa0   UT   uu_mem/mem_reg_0__1_/SETB
 sa1   --   uu_mem/mem_reg_0__1_/D
 sa0   UT   uu_mem/mem_reg_0__0_/D
 sa0   UT   uu_mem/mem_reg_0__0_/SETB
 sa1   --   uu_mem/mem_reg_0__0_/D
 sa0   UT   uu_mem/mem_reg_1__15_/D
 sa0   UT   uu_mem/mem_reg_1__15_/SETB
 sa1   --   uu_mem/mem_reg_1__15_/D
 sa0   UT   uu_mem/mem_reg_1__14_/D
 sa0   UT   uu_mem/mem_reg_1__14_/SETB
 sa1   --   uu_mem/mem_reg_1__14_/D
 sa0   UT   uu_mem/mem_reg_1__13_/D
 sa0   UT   uu_mem/mem_reg_1__13_/SETB
 sa1   --   uu_mem/mem_reg_1__13_/D
 sa0   UT   uu_mem/mem_reg_1__12_/D
 sa0   UT   uu_mem/mem_reg_1__12_/SETB
 sa1   --   uu_mem/mem_reg_1__12_/D
 sa0   UT   uu_mem/mem_reg_1__11_/D
 sa0   UT   uu_mem/mem_reg_1__11_/SETB
 sa1   --   uu_mem/mem_reg_1__11_/D
 sa0   UT   uu_mem/mem_reg_1__10_/D
 sa0   UT   uu_mem/mem_reg_1__10_/SETB
 sa1   --   uu_mem/mem_reg_1__10_/D
 sa0   UT   uu_mem/mem_reg_1__9_/D
 sa0   UT   uu_mem/mem_reg_1__9_/SETB
 sa1   --   uu_mem/mem_reg_1__9_/D
 sa0   UT   uu_mem/mem_reg_1__8_/D
 sa0   UT   uu_mem/mem_reg_1__8_/SETB
 sa1   --   uu_mem/mem_reg_1__8_/D
 sa0   UT   uu_mem/mem_reg_1__7_/D
 sa0   UT   uu_mem/mem_reg_1__7_/SETB
 sa1   --   uu_mem/mem_reg_1__7_/D
 sa0   UT   uu_mem/mem_reg_1__6_/D
 sa0   UT   uu_mem/mem_reg_1__6_/SETB
 sa1   --   uu_mem/mem_reg_1__6_/D
 sa0   UT   uu_mem/mem_reg_1__5_/D
 sa0   UT   uu_mem/mem_reg_1__5_/SETB
 sa1   --   uu_mem/mem_reg_1__5_/D
 sa0   UT   uu_mem/mem_reg_1__4_/D
 sa0   UT   uu_mem/mem_reg_1__4_/SETB
 sa1   --   uu_mem/mem_reg_1__4_/D
 sa0   UT   uu_mem/mem_reg_1__3_/D
 sa0   UT   uu_mem/mem_reg_1__3_/SETB
 sa1   --   uu_mem/mem_reg_1__3_/D
 sa0   UT   uu_mem/mem_reg_1__2_/D
 sa0   UT   uu_mem/mem_reg_1__2_/SETB
 sa1   --   uu_mem/mem_reg_1__2_/D
 sa0   UT   uu_mem/mem_reg_1__1_/D
 sa0   UT   uu_mem/mem_reg_1__1_/SETB
 sa1   --   uu_mem/mem_reg_1__1_/D
 sa0   UT   uu_mem/mem_reg_1__0_/D
 sa0   UT   uu_mem/mem_reg_1__0_/SETB
 sa1   --   uu_mem/mem_reg_1__0_/D
 sa0   UT   uu_mem/mem_reg_2__15_/D
 sa0   UT   uu_mem/mem_reg_2__15_/SETB
 sa1   --   uu_mem/mem_reg_2__15_/D
 sa0   UT   uu_mem/mem_reg_2__14_/D
 sa0   UT   uu_mem/mem_reg_2__14_/SETB
 sa1   --   uu_mem/mem_reg_2__14_/D
 sa0   UT   uu_mem/mem_reg_2__13_/D
 sa0   UT   uu_mem/mem_reg_2__13_/SETB
 sa1   --   uu_mem/mem_reg_2__13_/D
 sa0   UT   uu_mem/mem_reg_2__12_/D
 sa0   UT   uu_mem/mem_reg_2__12_/SETB
 sa1   --   uu_mem/mem_reg_2__12_/D
 sa0   UT   uu_mem/mem_reg_2__11_/D
 sa0   UT   uu_mem/mem_reg_2__11_/SETB
 sa1   --   uu_mem/mem_reg_2__11_/D
 sa0   UT   uu_mem/mem_reg_2__10_/D
 sa0   UT   uu_mem/mem_reg_2__10_/SETB
 sa1   --   uu_mem/mem_reg_2__10_/D
 sa0   UT   uu_mem/mem_reg_2__9_/D
 sa0   UT   uu_mem/mem_reg_2__9_/SETB
 sa1   --   uu_mem/mem_reg_2__9_/D
 sa0   UT   uu_mem/mem_reg_2__8_/D
 sa0   UT   uu_mem/mem_reg_2__8_/SETB
 sa1   --   uu_mem/mem_reg_2__8_/D
 sa0   UT   uu_mem/mem_reg_2__7_/D
 sa0   UT   uu_mem/mem_reg_2__7_/SETB
 sa1   --   uu_mem/mem_reg_2__7_/D
 sa0   UT   uu_mem/mem_reg_2__6_/D
 sa0   UT   uu_mem/mem_reg_2__6_/SETB
 sa1   --   uu_mem/mem_reg_2__6_/D
 sa0   UT   uu_mem/mem_reg_2__5_/D
 sa0   UT   uu_mem/mem_reg_2__5_/SETB
 sa1   --   uu_mem/mem_reg_2__5_/D
 sa0   UT   uu_mem/mem_reg_2__4_/D
 sa0   UT   uu_mem/mem_reg_2__4_/SETB
 sa1   --   uu_mem/mem_reg_2__4_/D
 sa0   UT   uu_mem/mem_reg_2__3_/D
 sa0   UT   uu_mem/mem_reg_2__3_/SETB
 sa1   --   uu_mem/mem_reg_2__3_/D
 sa0   UT   uu_mem/mem_reg_2__2_/D
 sa0   UT   uu_mem/mem_reg_2__2_/SETB
 sa1   --   uu_mem/mem_reg_2__2_/D
 sa0   UT   uu_mem/mem_reg_2__1_/D
 sa0   UT   uu_mem/mem_reg_2__1_/SETB
 sa1   --   uu_mem/mem_reg_2__1_/D
 sa0   UT   uu_mem/mem_reg_2__0_/D
 sa0   UT   uu_mem/mem_reg_2__0_/SETB
 sa1   --   uu_mem/mem_reg_2__0_/D
 sa0   UT   uu_mem/mem_reg_3__15_/D
 sa0   UT   uu_mem/mem_reg_3__15_/SETB
 sa1   --   uu_mem/mem_reg_3__15_/D
 sa0   UT   uu_mem/mem_reg_3__14_/D
 sa0   UT   uu_mem/mem_reg_3__14_/SETB
 sa1   --   uu_mem/mem_reg_3__14_/D
 sa0   UT   uu_mem/mem_reg_3__13_/D
 sa0   UT   uu_mem/mem_reg_3__13_/SETB
 sa1   --   uu_mem/mem_reg_3__13_/D
 sa0   UT   uu_mem/mem_reg_3__12_/D
 sa0   UT   uu_mem/mem_reg_3__12_/SETB
 sa1   --   uu_mem/mem_reg_3__12_/D
 sa0   UT   uu_mem/mem_reg_3__11_/D
 sa0   UT   uu_mem/mem_reg_3__11_/SETB
 sa1   --   uu_mem/mem_reg_3__11_/D
 sa0   UT   uu_mem/mem_reg_3__10_/D
 sa0   UT   uu_mem/mem_reg_3__10_/SETB
 sa1   --   uu_mem/mem_reg_3__10_/D
 sa0   UT   uu_mem/mem_reg_3__9_/D
 sa0   UT   uu_mem/mem_reg_3__9_/SETB
 sa1   --   uu_mem/mem_reg_3__9_/D
 sa0   UT   uu_mem/mem_reg_3__8_/D
 sa0   UT   uu_mem/mem_reg_3__8_/SETB
 sa1   --   uu_mem/mem_reg_3__8_/D
 sa0   UT   uu_mem/mem_reg_3__7_/D
 sa0   UT   uu_mem/mem_reg_3__7_/SETB
 sa1   --   uu_mem/mem_reg_3__7_/D
 sa0   UT   uu_mem/mem_reg_3__6_/D
 sa0   UT   uu_mem/mem_reg_3__6_/SETB
 sa1   --   uu_mem/mem_reg_3__6_/D
 sa0   UT   uu_mem/mem_reg_3__5_/D
 sa0   UT   uu_mem/mem_reg_3__5_/SETB
 sa1   --   uu_mem/mem_reg_3__5_/D
 sa0   UT   uu_mem/mem_reg_3__4_/D
 sa0   UT   uu_mem/mem_reg_3__4_/SETB
 sa1   --   uu_mem/mem_reg_3__4_/D
 sa0   UT   uu_mem/mem_reg_3__3_/D
 sa0   UT   uu_mem/mem_reg_3__3_/SETB
 sa1   --   uu_mem/mem_reg_3__3_/D
 sa0   UT   uu_mem/mem_reg_3__2_/D
 sa0   UT   uu_mem/mem_reg_3__2_/SETB
 sa1   --   uu_mem/mem_reg_3__2_/D
 sa0   UT   uu_mem/mem_reg_3__1_/D
 sa0   UT   uu_mem/mem_reg_3__1_/SETB
 sa1   --   uu_mem/mem_reg_3__1_/D
 sa0   UT   uu_mem/mem_reg_3__0_/D
 sa0   UT   uu_mem/mem_reg_3__0_/SETB
 sa1   --   uu_mem/mem_reg_3__0_/D
 sa0   UT   uu_mem/mem_reg_4__15_/D
 sa0   UT   uu_mem/mem_reg_4__15_/SETB
 sa1   --   uu_mem/mem_reg_4__15_/D
 sa0   UT   uu_mem/mem_reg_4__14_/D
 sa0   UT   uu_mem/mem_reg_4__14_/SETB
 sa1   --   uu_mem/mem_reg_4__14_/D
 sa0   UT   uu_mem/mem_reg_4__13_/D
 sa0   UT   uu_mem/mem_reg_4__13_/SETB
 sa1   --   uu_mem/mem_reg_4__13_/D
 sa0   UT   uu_mem/mem_reg_4__12_/D
 sa0   UT   uu_mem/mem_reg_4__12_/SETB
 sa1   --   uu_mem/mem_reg_4__12_/D
 sa0   UT   uu_mem/mem_reg_4__11_/D
 sa0   UT   uu_mem/mem_reg_4__11_/SETB
 sa1   --   uu_mem/mem_reg_4__11_/D
 sa0   UT   uu_mem/mem_reg_4__10_/D
 sa0   UT   uu_mem/mem_reg_4__10_/SETB
 sa1   --   uu_mem/mem_reg_4__10_/D
 sa0   UT   uu_mem/mem_reg_4__9_/D
 sa0   UT   uu_mem/mem_reg_4__9_/SETB
 sa1   --   uu_mem/mem_reg_4__9_/D
 sa0   UT   uu_mem/mem_reg_4__8_/D
 sa0   UT   uu_mem/mem_reg_4__8_/SETB
 sa1   --   uu_mem/mem_reg_4__8_/D
 sa0   UT   uu_mem/mem_reg_4__7_/D
 sa0   UT   uu_mem/mem_reg_4__7_/SETB
 sa1   --   uu_mem/mem_reg_4__7_/D
 sa0   UT   uu_mem/mem_reg_4__6_/D
 sa0   UT   uu_mem/mem_reg_4__6_/SETB
 sa1   --   uu_mem/mem_reg_4__6_/D
 sa0   UT   uu_mem/mem_reg_4__5_/D
 sa0   UT   uu_mem/mem_reg_4__5_/SETB
 sa1   --   uu_mem/mem_reg_4__5_/D
 sa0   UT   uu_mem/mem_reg_4__4_/D
 sa0   UT   uu_mem/mem_reg_4__4_/SETB
 sa1   --   uu_mem/mem_reg_4__4_/D
 sa0   UT   uu_mem/mem_reg_4__3_/D
 sa0   UT   uu_mem/mem_reg_4__3_/SETB
 sa1   --   uu_mem/mem_reg_4__3_/D
 sa0   UT   uu_mem/mem_reg_4__2_/D
 sa0   UT   uu_mem/mem_reg_4__2_/SETB
 sa1   --   uu_mem/mem_reg_4__2_/D
 sa0   UT   uu_mem/mem_reg_4__1_/D
 sa0   UT   uu_mem/mem_reg_4__1_/SETB
 sa1   --   uu_mem/mem_reg_4__1_/D
 sa0   UT   uu_mem/mem_reg_4__0_/D
 sa0   UT   uu_mem/mem_reg_4__0_/SETB
 sa1   --   uu_mem/mem_reg_4__0_/D
 sa0   UT   uu_mem/mem_reg_5__15_/D
 sa0   UT   uu_mem/mem_reg_5__15_/SETB
 sa1   --   uu_mem/mem_reg_5__15_/D
 sa0   UT   uu_mem/mem_reg_5__14_/D
 sa0   UT   uu_mem/mem_reg_5__14_/SETB
 sa1   --   uu_mem/mem_reg_5__14_/D
 sa0   UT   uu_mem/mem_reg_5__13_/D
 sa0   UT   uu_mem/mem_reg_5__13_/SETB
 sa1   --   uu_mem/mem_reg_5__13_/D
 sa0   UT   uu_mem/mem_reg_5__12_/D
 sa0   UT   uu_mem/mem_reg_5__12_/SETB
 sa1   --   uu_mem/mem_reg_5__12_/D
 sa0   UT   uu_mem/mem_reg_5__11_/D
 sa0   UT   uu_mem/mem_reg_5__11_/SETB
 sa1   --   uu_mem/mem_reg_5__11_/D
 sa0   UT   uu_mem/mem_reg_5__10_/D
 sa0   UT   uu_mem/mem_reg_5__10_/SETB
 sa1   --   uu_mem/mem_reg_5__10_/D
 sa0   UT   uu_mem/mem_reg_5__9_/D
 sa0   UT   uu_mem/mem_reg_5__9_/SETB
 sa1   --   uu_mem/mem_reg_5__9_/D
 sa0   UT   uu_mem/mem_reg_5__8_/D
 sa0   UT   uu_mem/mem_reg_5__8_/SETB
 sa1   --   uu_mem/mem_reg_5__8_/D
 sa0   UT   uu_mem/mem_reg_5__7_/D
 sa0   UT   uu_mem/mem_reg_5__7_/SETB
 sa1   --   uu_mem/mem_reg_5__7_/D
 sa0   UT   uu_mem/mem_reg_5__6_/D
 sa0   UT   uu_mem/mem_reg_5__6_/SETB
 sa1   --   uu_mem/mem_reg_5__6_/D
 sa0   UT   uu_mem/mem_reg_5__5_/D
 sa0   UT   uu_mem/mem_reg_5__5_/SETB
 sa1   --   uu_mem/mem_reg_5__5_/D
 sa0   UT   uu_mem/mem_reg_5__4_/D
 sa0   UT   uu_mem/mem_reg_5__4_/SETB
 sa1   --   uu_mem/mem_reg_5__4_/D
 sa0   UT   uu_mem/mem_reg_5__3_/D
 sa0   UT   uu_mem/mem_reg_5__3_/SETB
 sa1   --   uu_mem/mem_reg_5__3_/D
 sa0   UT   uu_mem/mem_reg_5__2_/D
 sa0   UT   uu_mem/mem_reg_5__2_/SETB
 sa1   --   uu_mem/mem_reg_5__2_/D
 sa0   UT   uu_mem/mem_reg_5__1_/D
 sa0   UT   uu_mem/mem_reg_5__1_/SETB
 sa1   --   uu_mem/mem_reg_5__1_/D
 sa0   UT   uu_mem/mem_reg_5__0_/D
 sa0   UT   uu_mem/mem_reg_5__0_/SETB
 sa1   --   uu_mem/mem_reg_5__0_/D
 sa0   UT   uu_mem/mem_reg_6__15_/D
 sa0   UT   uu_mem/mem_reg_6__15_/SETB
 sa1   --   uu_mem/mem_reg_6__15_/D
 sa0   UT   uu_mem/mem_reg_6__14_/D
 sa0   UT   uu_mem/mem_reg_6__14_/SETB
 sa1   --   uu_mem/mem_reg_6__14_/D
 sa0   UT   uu_mem/mem_reg_6__13_/D
 sa0   UT   uu_mem/mem_reg_6__13_/SETB
 sa1   --   uu_mem/mem_reg_6__13_/D
 sa0   UT   uu_mem/mem_reg_6__12_/D
 sa0   UT   uu_mem/mem_reg_6__12_/SETB
 sa1   --   uu_mem/mem_reg_6__12_/D
 sa0   UT   uu_mem/mem_reg_6__11_/D
 sa0   UT   uu_mem/mem_reg_6__11_/SETB
 sa1   --   uu_mem/mem_reg_6__11_/D
 sa0   UT   uu_mem/mem_reg_6__10_/D
 sa0   UT   uu_mem/mem_reg_6__10_/SETB
 sa1   --   uu_mem/mem_reg_6__10_/D
 sa0   UT   uu_mem/mem_reg_6__9_/D
 sa0   UT   uu_mem/mem_reg_6__9_/SETB
 sa1   --   uu_mem/mem_reg_6__9_/D
 sa0   UT   uu_mem/mem_reg_6__8_/D
 sa0   UT   uu_mem/mem_reg_6__8_/SETB
 sa1   --   uu_mem/mem_reg_6__8_/D
 sa0   UT   uu_mem/mem_reg_6__7_/D
 sa0   UT   uu_mem/mem_reg_6__7_/SETB
 sa1   --   uu_mem/mem_reg_6__7_/D
 sa0   UT   uu_mem/mem_reg_6__6_/D
 sa0   UT   uu_mem/mem_reg_6__6_/SETB
 sa1   --   uu_mem/mem_reg_6__6_/D
 sa0   UT   uu_mem/mem_reg_6__5_/D
 sa0   UT   uu_mem/mem_reg_6__5_/SETB
 sa1   --   uu_mem/mem_reg_6__5_/D
 sa0   UT   uu_mem/mem_reg_6__4_/D
 sa0   UT   uu_mem/mem_reg_6__4_/SETB
 sa1   --   uu_mem/mem_reg_6__4_/D
 sa0   UT   uu_mem/mem_reg_6__3_/D
 sa0   UT   uu_mem/mem_reg_6__3_/SETB
 sa1   --   uu_mem/mem_reg_6__3_/D
 sa0   UT   uu_mem/mem_reg_6__2_/D
 sa0   UT   uu_mem/mem_reg_6__2_/SETB
 sa1   --   uu_mem/mem_reg_6__2_/D
 sa0   UT   uu_mem/mem_reg_6__1_/D
 sa0   UT   uu_mem/mem_reg_6__1_/SETB
 sa1   --   uu_mem/mem_reg_6__1_/D
 sa0   UT   uu_mem/mem_reg_6__0_/D
 sa0   UT   uu_mem/mem_reg_6__0_/SETB
 sa1   --   uu_mem/mem_reg_6__0_/D
 sa0   UT   uu_mem/mem_reg_7__15_/D
 sa0   UT   uu_mem/mem_reg_7__15_/SETB
 sa1   --   uu_mem/mem_reg_7__15_/D
 sa0   UT   uu_mem/mem_reg_7__14_/D
 sa0   UT   uu_mem/mem_reg_7__14_/SETB
 sa1   --   uu_mem/mem_reg_7__14_/D
 sa0   UT   uu_mem/mem_reg_7__13_/D
 sa0   UT   uu_mem/mem_reg_7__13_/SETB
 sa1   --   uu_mem/mem_reg_7__13_/D
 sa0   UT   uu_mem/mem_reg_7__12_/D
 sa0   UT   uu_mem/mem_reg_7__12_/SETB
 sa1   --   uu_mem/mem_reg_7__12_/D
 sa0   UT   uu_mem/mem_reg_7__11_/D
 sa0   UT   uu_mem/mem_reg_7__11_/SETB
 sa1   --   uu_mem/mem_reg_7__11_/D
 sa0   UT   uu_mem/mem_reg_7__10_/D
 sa0   UT   uu_mem/mem_reg_7__10_/SETB
 sa1   --   uu_mem/mem_reg_7__10_/D
 sa0   UT   uu_mem/mem_reg_7__9_/D
 sa0   UT   uu_mem/mem_reg_7__9_/SETB
 sa1   --   uu_mem/mem_reg_7__9_/D
 sa0   UT   uu_mem/mem_reg_7__8_/D
 sa0   UT   uu_mem/mem_reg_7__8_/SETB
 sa1   --   uu_mem/mem_reg_7__8_/D
 sa0   UT   uu_mem/mem_reg_7__7_/D
 sa0   UT   uu_mem/mem_reg_7__7_/SETB
 sa1   --   uu_mem/mem_reg_7__7_/D
 sa0   UT   uu_mem/mem_reg_7__6_/D
 sa0   UT   uu_mem/mem_reg_7__6_/SETB
 sa1   --   uu_mem/mem_reg_7__6_/D
 sa0   UT   uu_mem/mem_reg_7__5_/D
 sa0   UT   uu_mem/mem_reg_7__5_/SETB
 sa1   --   uu_mem/mem_reg_7__5_/D
 sa0   UT   uu_mem/mem_reg_7__4_/D
 sa0   UT   uu_mem/mem_reg_7__4_/SETB
 sa1   --   uu_mem/mem_reg_7__4_/D
 sa0   UT   uu_mem/mem_reg_7__3_/D
 sa0   UT   uu_mem/mem_reg_7__3_/SETB
 sa1   --   uu_mem/mem_reg_7__3_/D
 sa0   UT   uu_mem/mem_reg_7__2_/D
 sa0   UT   uu_mem/mem_reg_7__2_/SETB
 sa1   --   uu_mem/mem_reg_7__2_/D
 sa0   UT   uu_mem/mem_reg_7__1_/D
 sa0   UT   uu_mem/mem_reg_7__1_/SETB
 sa1   --   uu_mem/mem_reg_7__1_/D
 sa0   UT   uu_mem/mem_reg_7__0_/D
 sa0   UT   uu_mem/mem_reg_7__0_/SETB
 sa1   --   uu_mem/mem_reg_7__0_/D
