     Uncollapsed Stuck Fault Summary Report
 -----------------------------------------------
 fault class                     code   #faults
 ------------------------------  ----  ---------
 Detected                         DT       7449
 Possibly detected                PT        369
 Undetectable                     UD        466
 ATPG untestable                  AU         67
 Not detected                     ND        589
 -----------------------------------------------
 total faults                              8940
 test coverage                            90.08%
 fault coverage                           85.39%
 -----------------------------------------------
            Pattern Summary Report
 -----------------------------------------------
 #internal patterns                         103
     #full_sequential patterns              103
 -----------------------------------------------
             Gate Summary Report
 -----------------------------------------------
 #primitives                               3097
 #primary_inputs                             33
 #primary_outputs                            19
 #DFFs                                      173
    #nonscan                                173
 #BUFs                                      568
 #INVs                                      113
 #ANDs                                     1036
 #NANDs                                      98
 #ORs                                       718
 #NORs                                       48
 #XORs                                       98
 #XNORs                                       7
 #MUXs                                      186
 -----------------------------------------------
 type      depth   gate_id
 -------   -----   -------
 Control       5      3048
 Observe       2      2887
 Detect        7      2884
