 sa1   UR   U65/A1
 sa1   UR   U41/A3
 sa1   UR   U50/A6
 sa1   UR   U64/A6
 sa1   UR   U51/A6
 sa1   UR   U52/A6
 sa1   UR   U53/A6
 sa1   UR   U54/A6
 sa1   UR   U55/A6
 sa1   UR   U56/A6
 sa1   UR   U57/A6
 sa1   UR   U58/A6
 sa1   UR   U59/A6
 sa1   UR   U60/A6
 sa1   UR   U61/A6
 sa1   UR   U62/A6
 sa1   UR   U63/A6
 sa0   UR   U44/A1
 sa1   UR   uu_alu/U139/B0
 sa1   UR   uu_alu/U141/B0
 sa1   UR   uu_alu/U143/B0
 sa1   UR   uu_alu/U145/B0
 sa1   UR   uu_alu/U147/B0
 sa1   UR   uu_alu/U149/B0
 sa1   UR   uu_alu/U150/A0
 sa1   UR   U40/Y
 sa1   UR   U40/A1
 sa1   UR   U40/A2
 sa1   UR   uu_alu/U243/A0
 sa1   UR   uu_alu/U244/A0
 sa1   UR   uu_alu/U257/A0
 sa1   UR   uu_alu/U258/A0
 sa1   UR   uu_alu/U273/A0
 sa1   UR   uu_alu/U274/A0
 sa1   UR   uu_alu/U245/A0
 sa1   UR   uu_alu/U272/A0
 sa1   UR   uu_alu/U259/A0
 sa0   UR   uu_alu/U27/A1
 sa0   UR   uu_alu/U107/A2
 sa0   UR   uu_alu/U107/A1
 sa0   UR   uu_alu/U107/Y
 sa0   --   uu_alu/U27/A3
 sa1   UR   uu_alu/U116/Y
 sa0   --   uu_alu/U116/A
 sa1   --   uu_alu/U36/A1
 sa1   UR   uu_alu/U117/A1
 sa1   UR   uu_alu/U215/A0
 sa1   UR   uu_alu/U214/A0
 sa1   UR   uu_alu/U213/A0
 sa0   UR   uu_alu/U101/A3
 sa0   UR   uu_alu/U101/A2
 sa0   UR   uu_alu/U101/A1
 sa0   UR   uu_ctrl/U35/A1
 sa0   --   uu_ctrl/U35/A2
 sa1   UR   uu_ctrl/U35/A2
 sa0   UR   uu_alu/U111/A2
 sa0   UR   uu_alu/U111/Y
 sa0   UR   uu_alu/U111/A1
 sa0   UR   uu_alu/U113/A1
 sa0   UR   uu_alu/U114/A1
 sa1   UR   uu_alu/U136/A
 sa1   UR   uu_alu/U148/A
 sa1   UR   uu_alu/U204/B
 sa1   UR   uu_alu/U204/A
 sa1   UR   uu_alu/U249/B
 sa0   UR   uu_alu/U265/B
 sa1   UR   uu_mem/U10/A2
 sa1   UR   uu_mem/U12/A2
 sa1   UR   uu_mem/U15/A2
 sa1   UR   uu_mem/U16/A3
 sa1   UR   uu_mem/U18/A3
 sa1   UR   uu_mem/U19/A3
 sa1   UR   uu_mem/U21/A3
 sa1   UR   uu_mem/U22/A4
 sa1   UR   uu_ctrl/U5/Y
 sa0   --   uu_ctrl/U5/A
 sa1   UR   uu_ctrl/U7/A2
 sa1   UR   uu_ctrl/U8/A2
 sa1   UR   uu_ctrl/U9/A2
 sa1   UR   uu_ctrl/U10/A2
 sa1   UR   uu_ctrl/U18/A1
 sa1   UR   uu_ctrl/U18/A3
 sa1   UR   uu_ctrl/U30/A1
 sa1   UR   uu_ctrl/U30/A2
 sa0   UR   uu_alu/U136/CI
